#
# There is insufficient memory for the Java Runtime Environment to continue.
# Native memory allocation (mmap) failed to map 264241152 bytes. Error detail: G1 virtual space
# Possible reasons:
#   The system is out of physical RAM or swap space
#   This process is running with CompressedOops enabled, and the Java Heap may be blocking the growth of the native heap
# Possible solutions:
#   Reduce memory load on the system
#   Increase physical memory or swap space
#   Check if swap backing store is full
#   Decrease Java heap size (-Xmx/-Xms)
#   Decrease number of Java threads
#   Decrease Java thread stack sizes (-Xss)
#   Set larger code cache with -XX:ReservedCodeCacheSize=
#   JVM is running with Zero Based Compressed Oops mode in which the Java heap is
#     placed in the first 32GB address space. The Java Heap base address is the
#     maximum limit for the native heap growth. Please use -XX:HeapBaseMinAddress
#     to set the Java Heap base and to place the Java Heap above 32GB virtual address.
# This output file may be truncated or incomplete.
#
#  Out of Memory Error (os_windows.cpp:3925), pid=3368, tid=4360
#
# JRE version:  (21.0.8) (build )
# Java VM: OpenJDK 64-Bit Server VM (21.0.8+-14196175-b1038.72, mixed mode, sharing, tiered, compressed oops, compressed class ptrs, g1 gc, windows-amd64)
# No core dump will be written. Minidumps are not enabled by default on client versions of Windows
#

---------------  S U M M A R Y ------------

Command Line: org.jetbrains.kotlin.cli.jvm.K2JVMCompiler @D:\blurberry\Test\Edge-Border-Lighting\build-logic\build\20260105_18323950295878572633.compiler.options

Host: Intel(R) Pentium(R) Gold G5420 CPU @ 3.80GHz, 4 cores, 15G,  Windows 10 , 64 bit Build 19041 (10.0.19041.5915)
Time: Mon Jan  5 15:32:36 2026 SE Asia Standard Time elapsed time: 0.012085 seconds (0d 0h 0m 0s)

---------------  T H R E A D  ---------------

Current thread (0x000002c01910db70):  JavaThread "Unknown thread" [_thread_in_vm, id=4360, stack(0x000000f039f00000,0x000000f03a000000) (1024K)]

Stack: [0x000000f039f00000,0x000000f03a000000]
Native frames: (J=compiled Java code, j=interpreted, Vv=VM code, C=native code)
V  [jvm.dll+0x6d68d9]
V  [jvm.dll+0x866693]
V  [jvm.dll+0x868c4e]
V  [jvm.dll+0x869333]
V  [jvm.dll+0x280566]
V  [jvm.dll+0x6d3195]
V  [jvm.dll+0x6c69ea]
V  [jvm.dll+0x3586db]
V  [jvm.dll+0x360336]
V  [jvm.dll+0x3b23f6]
V  [jvm.dll+0x3b26c8]
V  [jvm.dll+0x32ae6c]
V  [jvm.dll+0x32bb5b]
V  [jvm.dll+0x82e109]
V  [jvm.dll+0x3bf5c8]
V  [jvm.dll+0x817388]
V  [jvm.dll+0x453b6e]
V  [jvm.dll+0x4552d1]
C  [jli.dll+0x52ab]
C  [ucrtbase.dll+0x21bb2]
C  [KERNEL32.DLL+0x17374]
C  [ntdll.dll+0x4cc91]


---------------  P R O C E S S  ---------------

Threads class SMR info:
_java_thread_list=0x00007fffc89db988, length=0, elements={
}

Java Threads: ( => current thread )
Total: 0

Other Threads:
  0x000002c01b3a07e0 WorkerThread "GC Thread#0"                     [id=12368, stack(0x000000f03a000000,0x000000f03a100000) (1024K)]
  0x000002c01b3b1400 ConcurrentGCThread "G1 Main Marker"            [id=14452, stack(0x000000f03a100000,0x000000f03a200000) (1024K)]
  0x000002c01b3b26a0 WorkerThread "G1 Conc#0"                       [id=8456, stack(0x000000f03a200000,0x000000f03a300000) (1024K)]

[error occurred during error reporting (printing all threads), id 0xc0000005, EXCEPTION_ACCESS_VIOLATION (0xc0000005) at pc=0x00007fffc81cddd7]
VM state: not at safepoint (not fully initialized)

VM Mutex/Monitor currently owned by a thread:  ([mutex/lock_event])
[0x00007fffc8a486b8] Heap_lock - owner thread: 0x000002c01910db70

Heap address: 0x0000000705200000, size: 4014 MB, Compressed Oops mode: Zero based, Oop shift amount: 3

CDS archive(s) mapped at: [0x0000000000000000-0x0000000000000000-0x0000000000000000), size 0, SharedBaseAddress: 0x0000000800000000, ArchiveRelocationMode: 1.
Narrow klass base: 0x0000000000000000, Narrow klass shift: 0, Narrow klass range: 0x0

GC Precious Log:
 CardTable entry size: 512
 Card Set container configuration: InlinePtr #cards 4 size 8 Array Of Cards #cards 16 size 48 Howl #buckets 8 coarsen threshold 3686 Howl Bitmap #cards 512 size 80 coarsen threshold 460 Card regions per heap region 1 cards per card region 4096

Heap:
 garbage-first heap   total 0K, used 0K [0x0000000705200000, 0x0000000800000000)
  region size 2048K, 0 young (0K), 0 survivors (0K)
 Metaspace       used 0K, committed 0K, reserved 0K
  class space    used 0K, committed 0K, reserved 0K

Heap Regions: E=young(eden), S=young(survivor), O=old, HS=humongous(starts), HC=humongous(continues), CS=collection set, F=free, TAMS=top-at-mark-start, PB=parsable bottom

Card table byte_map: [0x000002c02dc80000,0x000002c02e460000] _byte_map_base: 0x000002c02a457000

Marking Bits: (CMBitMap*) 0x000002c01b3a0ee0
 Bits: [0x000002c02e460000, 0x000002c032318000)

GC Heap History (0 events):
No events

Dll operation events (1 events):
Event: 0.007 Loaded shared library C:\Program Files\Android\Android Studio\jbr\bin\java.dll

Deoptimization events (0 events):
No events

Classes loaded (0 events):
No events

Classes unloaded (0 events):
No events

Classes redefined (0 events):
No events

Internal exceptions (0 events):
No events

ZGC Phase Switch (0 events):
No events

VM Operations (0 events):
No events

Memory protections (0 events):
No events

Nmethod flushes (0 events):
No events

Events (0 events):
No events


Dynamic libraries:
0x00007ff773360000 - 0x00007ff77336a000 	C:\Program Files\Android\Android Studio\jbr\bin\java.exe
0x00007ff811890000 - 0x00007ff811a88000 	C:\WINDOWS\SYSTEM32\ntdll.dll
0x00007ff810290000 - 0x00007ff810352000 	C:\WINDOWS\System32\KERNEL32.DLL
0x00007ff80f080000 - 0x00007ff80f376000 	C:\WINDOWS\System32\KERNELBASE.dll
0x00007ff80f7b0000 - 0x00007ff80f8b0000 	C:\WINDOWS\System32\ucrtbase.dll
0x00007ff80b1c0000 - 0x00007ff80b1db000 	C:\Program Files\Android\Android Studio\jbr\bin\VCRUNTIME140.dll
0x00007ff809b20000 - 0x00007ff809b38000 	C:\Program Files\Android\Android Studio\jbr\bin\jli.dll
0x00007ff810910000 - 0x00007ff810ab1000 	C:\WINDOWS\System32\USER32.dll
0x00007ffffd7e0000 - 0x00007ffffda7b000 	C:\WINDOWS\WinSxS\amd64_microsoft.windows.common-controls_6595b64144ccf1df_6.0.19041.6456_none_60b8a6cb71f64256\COMCTL32.dll
0x00007ff80f050000 - 0x00007ff80f072000 	C:\WINDOWS\System32\win32u.dll
0x00007ff810450000 - 0x00007ff8104ee000 	C:\WINDOWS\System32\msvcrt.dll
0x00007ff810be0000 - 0x00007ff810c0b000 	C:\WINDOWS\System32\GDI32.dll
0x00007ff80f610000 - 0x00007ff80f729000 	C:\WINDOWS\System32\gdi32full.dll
0x00007ff80efb0000 - 0x00007ff80f04d000 	C:\WINDOWS\System32\msvcp_win.dll
0x00007ff80fa60000 - 0x00007ff80fa8f000 	C:\WINDOWS\System32\IMM32.DLL
0x00007ff80c4f0000 - 0x00007ff80c4fc000 	C:\Program Files\Android\Android Studio\jbr\bin\vcruntime140_1.dll
0x00007fffd8b10000 - 0x00007fffd8b9d000 	C:\Program Files\Android\Android Studio\jbr\bin\msvcp140.dll
0x00007fffc7e90000 - 0x00007fffc8b26000 	C:\Program Files\Android\Android Studio\jbr\bin\server\jvm.dll
0x00007ff810390000 - 0x00007ff810441000 	C:\WINDOWS\System32\ADVAPI32.dll
0x00007ff8101e0000 - 0x00007ff81027f000 	C:\WINDOWS\System32\sechost.dll
0x00007ff810620000 - 0x00007ff810740000 	C:\WINDOWS\System32\RPCRT4.dll
0x00007ff80f380000 - 0x00007ff80f3a7000 	C:\WINDOWS\System32\bcrypt.dll
0x00007ff810170000 - 0x00007ff8101db000 	C:\WINDOWS\System32\WS2_32.dll
0x00007ff80ea90000 - 0x00007ff80eadb000 	C:\WINDOWS\SYSTEM32\POWRPROF.dll
0x00007ff805520000 - 0x00007ff805547000 	C:\WINDOWS\SYSTEM32\WINMM.dll
0x00007ff808c30000 - 0x00007ff808c3a000 	C:\WINDOWS\SYSTEM32\VERSION.dll
0x00007ff80ea70000 - 0x00007ff80ea82000 	C:\WINDOWS\SYSTEM32\UMPDC.dll
0x00007ff80cdb0000 - 0x00007ff80cdc2000 	C:\WINDOWS\SYSTEM32\kernel.appcore.dll
0x00007ff80c4e0000 - 0x00007ff80c4ea000 	C:\Program Files\Android\Android Studio\jbr\bin\jimage.dll
0x00007ffffd5d0000 - 0x00007ffffd7d1000 	C:\WINDOWS\SYSTEM32\DBGHELP.DLL
0x00007ffff1240000 - 0x00007ffff1274000 	C:\WINDOWS\SYSTEM32\dbgcore.DLL
0x00007ff80ef20000 - 0x00007ff80efa2000 	C:\WINDOWS\System32\bcryptPrimitives.dll
0x00007ff807fb0000 - 0x00007ff807fd0000 	C:\Program Files\Android\Android Studio\jbr\bin\java.dll

JVMTI agents: none

dbghelp: loaded successfully - version: 4.0.5 - missing functions: none
symbol engine: initialized successfully - sym options: 0x614 - pdb path: .;C:\Program Files\Android\Android Studio\jbr\bin;C:\WINDOWS\SYSTEM32;C:\WINDOWS\WinSxS\amd64_microsoft.windows.common-controls_6595b64144ccf1df_6.0.19041.6456_none_60b8a6cb71f64256;C:\Program Files\Android\Android Studio\jbr\bin\server

VM Arguments:
java_command: org.jetbrains.kotlin.cli.jvm.K2JVMCompiler @D:\blurberry\Test\Edge-Border-Lighting\build-logic\build\20260105_18323950295878572633.compiler.options
java_class_path (initial): C:\Users\Admin\.gradle\caches\modules-2\files-2.1\org.jetbrains.kotlin\kotlin-compiler-embeddable\2.0.20\244b603e8c729f98baaf9088d90b5b9350c68af8\kotlin-compiler-embeddable-2.0.20.jar;C:\Users\Admin\.gradle\caches\modules-2\files-2.1\org.jetbrains.kotlin\kotlin-stdlib\2.0.20\7388d355f7cceb002cd387ccb7ab3850e4e0a07f\kotlin-stdlib-2.0.20.jar;C:\Users\Admin\.gradle\caches\modules-2\files-2.1\org.jetbrains.kotlin\kotlin-script-runtime\2.0.20\4aea042b39014e0a924c2e1d4a21b6fff7e4d35\kotlin-script-runtime-2.0.20.jar;C:\Users\Admin\.gradle\caches\modules-2\files-2.1\org.jetbrains.kotlin\kotlin-reflect\1.6.10\1cbe9c92c12a94eea200d23c2bbaedaf3daf5132\kotlin-reflect-1.6.10.jar;C:\Users\Admin\.gradle\caches\modules-2\files-2.1\org.jetbrains.kotlin\kotlin-daemon-embeddable\2.0.20\9eb02dce62f058efe6a121cf00cf5da9779e2746\kotlin-daemon-embeddable-2.0.20.jar;C:\Users\Admin\.gradle\caches\modules-2\files-2.1\org.jetbrains.intellij.deps\trove4j\1.0.20200330\3afb14d5f9ceb459d724e907a21145e8ff394f02\trove4j-1.0.20200330.jar;C:\Users\Admin\.gradle\caches\modules-2\files-2.1\org.jetbrains.kotlinx\kotlinx-coroutines-core-jvm\1.6.4\2c997cd1c0ef33f3e751d3831929aeff1390cb30\kotlinx-coroutines-core-jvm-1.6.4.jar;C:\Users\Admin\.gradle\caches\modules-2\files-2.1\org.jetbrains\annotations\13.0\919f0dfe192fb4e063e7dacadee7f8bb9a2672a9\annotations-13.0.jar
Launcher Type: SUN_STANDARD

[Global flags]
     intx CICompilerCount                          = 3                                         {product} {ergonomic}
     uint ConcGCThreads                            = 1                                         {product} {ergonomic}
     uint G1ConcRefinementThreads                  = 4                                         {product} {ergonomic}
   size_t G1HeapRegionSize                         = 2097152                                   {product} {ergonomic}
    uintx GCDrainStackTargetSize                   = 64                                        {product} {ergonomic}
   size_t InitialHeapSize                          = 264241152                                 {product} {ergonomic}
   size_t MarkStackSize                            = 4194304                                   {product} {ergonomic}
   size_t MaxHeapSize                              = 4208984064                                {product} {ergonomic}
   size_t MinHeapDeltaBytes                        = 2097152                                   {product} {ergonomic}
   size_t MinHeapSize                              = 8388608                                   {product} {ergonomic}
    uintx NonNMethodCodeHeapSize                   = 5832780                                {pd product} {ergonomic}
    uintx NonProfiledCodeHeapSize                  = 122912730                              {pd product} {ergonomic}
    uintx ProfiledCodeHeapSize                     = 122912730                              {pd product} {ergonomic}
    uintx ReservedCodeCacheSize                    = 251658240                              {pd product} {ergonomic}
     bool SegmentedCodeCache                       = true                                      {product} {ergonomic}
   size_t SoftMaxHeapSize                          = 4208984064                             {manageable} {ergonomic}
     bool UseCompressedOops                        = true                           {product lp64_product} {ergonomic}
     bool UseG1GC                                  = true                                      {product} {ergonomic}
     bool UseLargePagesIndividualAllocation        = false                                  {pd product} {ergonomic}

Logging:
Log output configuration:
 #0: stdout all=warning uptime,level,tags foldmultilines=false
 #1: stderr all=off uptime,level,tags foldmultilines=false

Environment Variables:
JAVA_HOME=C:\Program Files\Java\jdk-21.0.7
PATH=C:\WINDOWS\system32;C:\WINDOWS;C:\WINDOWS\System32\Wbem;C:\WINDOWS\System32\WindowsPowerShell\v1.0\;C:\WINDOWS\System32\OpenSSH\;C:\Program Files (x86)\Microsoft SQL Server\100\Tools\Binn\;C:\Program Files (x86)\Microsoft SQL Server\100\DTS\Binn\;C:\Program Files\Git\cmd;C:\Program Files\Java\jdk-21.0.7;D:\Android\Sdk\platform-tools;C:\Users\Admin\AppData\Local\Microsoft\WindowsApps;
USERNAME=Admin
OS=Windows_NT
PROCESSOR_IDENTIFIER=Intel64 Family 6 Model 158 Stepping 10, GenuineIntel
TMP=C:\Users\Admin\AppData\Local\Temp
TEMP=C:\Users\Admin\AppData\Local\Temp




Periodic native trim disabled

JNI global refs:
JNI global refs: 0, weak refs: 0

JNI global refs memory usage: 0, weak refs: 0

Process memory usage:
Resident Set Size: 10704K (0% of 16435128K total physical memory with 911740K free physical memory)

OOME stack traces (most recent first):
Classloader memory used:

---------------  S Y S T E M  ---------------

OS:
 Windows 10 , 64 bit Build 19041 (10.0.19041.5915)
OS uptime: 55 days 7:18 hours

CPU: total 4 (initial active 4) (2 cores per cpu, 2 threads per core) family 6 model 158 stepping 10 microcode 0xca, cx8, cmov, fxsr, ht, mmx, 3dnowpref, sse, sse2, sse3, ssse3, sse4.1, sse4.2, popcnt, lzcnt, tsc, tscinvbit, aes, erms, clmul, clflush, clflushopt, rdtscp
Processor Information for the first 4 processors :
  Max Mhz: 3792, Current Mhz: 3792, Mhz Limit: 3792

Memory: 4k page, system-wide physical 16049M (890M free)
TotalPageFile size 23549M (AvailPageFile size 184M)
current process WorkingSet (physical memory assigned to process): 10M, peak: 10M
current process commit charge ("private bytes"): 52M, peak: 304M

vm_info: OpenJDK 64-Bit Server VM (21.0.8+-14196175-b1038.72) for windows-amd64 JRE (21.0.8+-14196175-b1038.72), built on 2025-10-01T10:24:33Z by "builder" with MS VC++ 16.10 / 16.11 (VS2019)

END.
